   Compiling simulator v0.2.0 (/ethtemp/sigp/lighthouse/testing/simulator)
